Compilation errors:

41 syntax error(s):
  - Syntax error at line 7, column 13: unexpected token COMMA (',')
  - Syntax error at line 7, column 15: unexpected token IDENTIFIER ('b')
  - Syntax error at line 7, column 16: unexpected token RPAREN (')')
  - Syntax error at line 7, column 18: unexpected token LBRACKET ('[')
  - Syntax error at line 8, column 5: unexpected token LBRACE ('{')
  - Syntax error at line 9, column 9: unexpected token RETURN ('return')
  - Syntax error at line 9, column 16: unexpected token IDENTIFIER ('a')
  - Syntax error at line 9, column 18: unexpected token OP_PLUS ('+')
  - Syntax error at line 9, column 20: unexpected token IDENTIFIER ('b')
  - Syntax error at line 9, column 21: unexpected token SEMICOLON (';')
  - Syntax error at line 10, column 5: unexpected token RBRACE ('}')
  - Syntax error at line 11, column 1: unexpected token RBRACKET (']')
  - Syntax error at line 11, column 2: unexpected token SEMICOLON (';')
  - Syntax error at line 14, column 1: unexpected token VOID ('void')
  - Syntax error at line 14, column 6: unexpected token IDENTIFIER ('fine')
  - Syntax error at line 14, column 10: unexpected token LPAREN ('(')
  - Syntax error at line 14, column 11: unexpected token RPAREN (')')
  - Syntax error at line 14, column 13: unexpected token LBRACKET ('[')
  - Syntax error at line 15, column 5: unexpected token LBRACE ('{')
  - Syntax error at line 16, column 9: unexpected token PRINT ('print')
  - Syntax error at line 16, column 14: unexpected token LPAREN ('(')
  - Syntax error at line 16, column 15: unexpected token CONST_STR ('"this function is fine"')
  - Syntax error at line 16, column 38: unexpected token RPAREN (')')
  - Syntax error at line 16, column 39: unexpected token SEMICOLON (';')
  - Syntax error at line 17, column 5: unexpected token RBRACE ('}')
  - Syntax error at line 18, column 1: unexpected token RBRACKET (']')
  - Syntax error at line 18, column 2: unexpected token SEMICOLON (';')
  - Syntax error at line 20, column 1: unexpected token MAIN ('main')
  - Syntax error at line 20, column 6: unexpected token LBRACE ('{')
  - Syntax error at line 21, column 5: unexpected token IDENTIFIER ('fine')
  - Syntax error at line 21, column 9: unexpected token LPAREN ('(')
  - Syntax error at line 21, column 10: unexpected token RPAREN (')')
  - Syntax error at line 21, column 11: unexpected token SEMICOLON (';')
  - Syntax error at line 22, column 5: unexpected token PRINT ('print')
  - Syntax error at line 22, column 10: unexpected token LPAREN ('(')
  - Syntax error at line 22, column 11: unexpected token CONST_STR ('"program ends"')
  - Syntax error at line 22, column 25: unexpected token RPAREN (')')
  - Syntax error at line 22, column 26: unexpected token SEMICOLON (';')
  - Syntax error at line 23, column 1: unexpected token RBRACE ('}')
  - Syntax error at line 23, column 3: unexpected token END ('end')
  - Syntax error: unexpected end of file

Total: 0 lexical + 41 syntax + 0 semantic
